[foo, 0, 0] => Item{name='foo', selin=0, quality=0} 
[foo, 0, 1] => Item{name='foo', selin=0, quality=0} 
[foo, 0, 2] => Item{name='foo', selin=0, quality=1} 
[Aged Brie, 0, 0] => Item{name='Aged Brie', selin=0, quality=1} 
[Aged Brie, 0, 1] => Item{name='Aged Brie', selin=0, quality=2} 
[Aged Brie, 0, 2] => Item{name='Aged Brie', selin=0, quality=3} 
